// Jest Snapshot v1, https://goo.gl/fbAQLP

exports[`<Form /> renders correctly enzyme 1`] = `""`;
